<html>
<body>
<pre>
<h1>µVision Build Log</h1>
<h2>Tool Versions:</h2>
IDE-Version: ¦ÌVision V5.42.0.0
Copyright (C) 2025 ARM Ltd and ARM Germany GmbH. All rights reserved.
License Information: Jone Dame, HBPU, LIC=03C6R-KC4DH-RAFDM-XXG67-1VVY2-4D1LM
 
Tool Versions:
Toolchain:       MDK-ARM Plus  Version: 5.42.0.0
Toolchain Path:  D:\Application\Keil\Arm\Core\ARM\ARMCC\Bin
C Compiler:      Armcc.exe V5.06 update 6 (build 750)
Assembler:       Armasm.exe V5.06 update 6 (build 750)
Linker/Locator:  ArmLink.exe V5.06 update 6 (build 750)
Library Manager: ArmAr.exe V5.06 update 6 (build 750)
Hex Converter:   FromElf.exe V5.06 update 6 (build 750)
CPU DLL:         SARMCM3.DLL V5.42.0.0
Dialog DLL:      DCM.DLL V1.17.5.0
Target DLL:      STLink\ST-LINKIII-KEIL_SWO.dll V3.3.0.0
Dialog DLL:      TCM.DLL V1.56.6.0
 
<h2>Project:</h2>
E:\CodingProject\HardWareProject\STM32Template02\Project.uvprojx
Project File Date:  04/11/2025

<h2>Output:</h2>
*** Using Compiler 'V5.06 update 6 (build 750)', folder: 'D:\Application\Keil\Arm\Core\ARM\ARMCC\Bin'
Build target 'Target 1'
Note: source file '.\library\misc.c' - object file renamed from '.\Objects\misc.o' to '.\Objects\misc_1.o'.
Note: source file '.\library\stm32f10x_adc.c' - object file renamed from '.\Objects\stm32f10x_adc.o' to '.\Objects\stm32f10x_adc_1.o'.
Note: source file '.\library\stm32f10x_bkp.c' - object file renamed from '.\Objects\stm32f10x_bkp.o' to '.\Objects\stm32f10x_bkp_1.o'.
Note: source file '.\library\stm32f10x_can.c' - object file renamed from '.\Objects\stm32f10x_can.o' to '.\Objects\stm32f10x_can_1.o'.
Note: source file '.\library\stm32f10x_cec.c' - object file renamed from '.\Objects\stm32f10x_cec.o' to '.\Objects\stm32f10x_cec_1.o'.
Note: source file '.\library\stm32f10x_crc.c' - object file renamed from '.\Objects\stm32f10x_crc.o' to '.\Objects\stm32f10x_crc_1.o'.
Note: source file '.\library\stm32f10x_dac.c' - object file renamed from '.\Objects\stm32f10x_dac.o' to '.\Objects\stm32f10x_dac_1.o'.
Note: source file '.\library\stm32f10x_dbgmcu.c' - object file renamed from '.\Objects\stm32f10x_dbgmcu.o' to '.\Objects\stm32f10x_dbgmcu_1.o'.
Note: source file '.\library\stm32f10x_dma.c' - object file renamed from '.\Objects\stm32f10x_dma.o' to '.\Objects\stm32f10x_dma_1.o'.
Note: source file '.\library\stm32f10x_exti.c' - object file renamed from '.\Objects\stm32f10x_exti.o' to '.\Objects\stm32f10x_exti_1.o'.
Note: source file '.\library\stm32f10x_flash.c' - object file renamed from '.\Objects\stm32f10x_flash.o' to '.\Objects\stm32f10x_flash_1.o'.
Note: source file '.\library\stm32f10x_fsmc.c' - object file renamed from '.\Objects\stm32f10x_fsmc.o' to '.\Objects\stm32f10x_fsmc_1.o'.
Note: source file '.\library\stm32f10x_gpio.c' - object file renamed from '.\Objects\stm32f10x_gpio.o' to '.\Objects\stm32f10x_gpio_1.o'.
Note: source file '.\library\stm32f10x_i2c.c' - object file renamed from '.\Objects\stm32f10x_i2c.o' to '.\Objects\stm32f10x_i2c_1.o'.
Note: source file '.\library\stm32f10x_iwdg.c' - object file renamed from '.\Objects\stm32f10x_iwdg.o' to '.\Objects\stm32f10x_iwdg_1.o'.
Note: source file '.\library\stm32f10x_pwr.c' - object file renamed from '.\Objects\stm32f10x_pwr.o' to '.\Objects\stm32f10x_pwr_1.o'.
Note: source file '.\library\stm32f10x_rcc.c' - object file renamed from '.\Objects\stm32f10x_rcc.o' to '.\Objects\stm32f10x_rcc_1.o'.
Note: source file '.\library\stm32f10x_rtc.c' - object file renamed from '.\Objects\stm32f10x_rtc.o' to '.\Objects\stm32f10x_rtc_1.o'.
Note: source file '.\library\stm32f10x_sdio.c' - object file renamed from '.\Objects\stm32f10x_sdio.o' to '.\Objects\stm32f10x_sdio_1.o'.
Note: source file '.\library\stm32f10x_spi.c' - object file renamed from '.\Objects\stm32f10x_spi.o' to '.\Objects\stm32f10x_spi_1.o'.
Note: source file '.\library\stm32f10x_tim.c' - object file renamed from '.\Objects\stm32f10x_tim.o' to '.\Objects\stm32f10x_tim_1.o'.
Note: source file '.\library\stm32f10x_usart.c' - object file renamed from '.\Objects\stm32f10x_usart.o' to '.\Objects\stm32f10x_usart_1.o'.
Note: source file '.\library\stm32f10x_wwdg.c' - object file renamed from '.\Objects\stm32f10x_wwdg.o' to '.\Objects\stm32f10x_wwdg_1.o'.
compiling main.c...
linking...
Program Size: Code=1124 RO-data=304 RW-data=0 ZI-data=1632  
".\Objects\Project.axf" - 0 Error(s), 0 Warning(s).

<h2>Software Packages used:</h2>

Package Vendor: Keil
                http://www.keil.com/pack/Keil.STM32F1xx_DFP.1.0.5.pack
                Keil::STM32F1xx_DFP@1.0.5
                STMicroelectronics STM32F1 Series Device Support, Drivers and Examples

<h2>Collection of Component include folders:</h2>
  D:/Application/Keil/Arm/Packs/Keil/STM32F1xx_DFP/1.0.5/Device/Include

<h2>Collection of Component Files used:</h2>
Build Time Elapsed:  00:00:01
</pre>
</body>
</html>
